package io.sphere.sdk.annotations.processors.generators.examples.commands.updateactions;

import io.sphere.sdk.annotations.processors.generators.examples.ExampleResourceWithUpdateAction;
import io.sphere.sdk.commands.UpdateActionImpl;
import java.lang.String;
import javax.annotation.Generated;

/**
 * Updates the {@code userName} property of a {@link ExampleResourceWithUpdateAction}.
 *
 * @see ExampleResourceWithUpdateAction#getUserName()
 */
@Generated(
    value = "io.sphere.sdk.annotations.processors.generators.UpdateActionGenerator",
    comments = "Generated from: io.sphere.sdk.annotations.processors.generators.examples.ExampleResourceWithUpdateAction"
)
public final class SomeClasse extends UpdateActionImpl<ExampleResourceWithUpdateAction> {
  private final String userName;

  private SomeClasse(final String userName) {
    super("customName");
    this.userName = userName;
  }

  public String getUserName() {
    return userName;
  }

  /**
   * Creates a new update action from the given parameters.
   *
   * @param userName the {@code userName} property {@link ExampleResourceWithUpdateAction#getUserName()}.
   * @return the {@code SomeClasse} update action.
   */
  public static SomeClasse of(final String userName) {
    return new SomeClasse(userName);
  }
}
